// Jest Snapshot v1, https://goo.gl/fbAQLP

exports[`CarDetails component Should render the proper CarDetails component 1`] = `
Object {
  "asFragment": [Function],
  "baseElement": <body>
    <div>
      <div
        class="car-container"
      >
        <img />
        <div
          class="car_details"
        >
          <div
            class="car-header"
          >
            <h2 />
            <p />
          </div>
          <div
            class="space-between fee"
          >
            <p>
              Finance Fee
            </p>
            <p>
              $139
            </p>
          </div>
          <div
            class="space-between"
          >
            <p>
              Option to purchase Fee
            </p>
            <p>
              $249
            </p>
          </div>
          <div
            class="space-between fee"
          >
            <p>
              Total amount payable
            </p>
            <p />
          </div>
          <div
            class="space-between"
          >
            <p>
              Duration
            </p>
            <p>
              48 Months
            </p>
          </div>
          <div
            class="space-between"
          >
            <p>
              Availability:
            </p>
            <p>
              <span>
                available
              </span>
            </p>
          </div>
          <div
            class="more-model"
          >
            <span
              class="desc_short"
            >
              We can satisfy your desire!
            </span>
          </div>
          <a
            class="btn"
            href="/book_car"
          >
            <button
              class="reserve"
              type="button"
            >
              Reserve
            </button>
          </a>
        </div>
      </div>
      ,
    </div>
  </body>,
  "container": <div>
    <div
      class="car-container"
    >
      <img />
      <div
        class="car_details"
      >
        <div
          class="car-header"
        >
          <h2 />
          <p />
        </div>
        <div
          class="space-between fee"
        >
          <p>
            Finance Fee
          </p>
          <p>
            $139
          </p>
        </div>
        <div
          class="space-between"
        >
          <p>
            Option to purchase Fee
          </p>
          <p>
            $249
          </p>
        </div>
        <div
          class="space-between fee"
        >
          <p>
            Total amount payable
          </p>
          <p />
        </div>
        <div
          class="space-between"
        >
          <p>
            Duration
          </p>
          <p>
            48 Months
          </p>
        </div>
        <div
          class="space-between"
        >
          <p>
            Availability:
          </p>
          <p>
            <span>
              available
            </span>
          </p>
        </div>
        <div
          class="more-model"
        >
          <span
            class="desc_short"
          >
            We can satisfy your desire!
          </span>
        </div>
        <a
          class="btn"
          href="/book_car"
        >
          <button
            class="reserve"
            type="button"
          >
            Reserve
          </button>
        </a>
      </div>
    </div>
    ,
  </div>,
  "debug": [Function],
  "findAllByAltText": [Function],
  "findAllByDisplayValue": [Function],
  "findAllByLabelText": [Function],
  "findAllByPlaceholderText": [Function],
  "findAllByRole": [Function],
  "findAllByTestId": [Function],
  "findAllByText": [Function],
  "findAllByTitle": [Function],
  "findByAltText": [Function],
  "findByDisplayValue": [Function],
  "findByLabelText": [Function],
  "findByPlaceholderText": [Function],
  "findByRole": [Function],
  "findByTestId": [Function],
  "findByText": [Function],
  "findByTitle": [Function],
  "getAllByAltText": [Function],
  "getAllByDisplayValue": [Function],
  "getAllByLabelText": [Function],
  "getAllByPlaceholderText": [Function],
  "getAllByRole": [Function],
  "getAllByTestId": [Function],
  "getAllByText": [Function],
  "getAllByTitle": [Function],
  "getByAltText": [Function],
  "getByDisplayValue": [Function],
  "getByLabelText": [Function],
  "getByPlaceholderText": [Function],
  "getByRole": [Function],
  "getByTestId": [Function],
  "getByText": [Function],
  "getByTitle": [Function],
  "queryAllByAltText": [Function],
  "queryAllByDisplayValue": [Function],
  "queryAllByLabelText": [Function],
  "queryAllByPlaceholderText": [Function],
  "queryAllByRole": [Function],
  "queryAllByTestId": [Function],
  "queryAllByText": [Function],
  "queryAllByTitle": [Function],
  "queryByAltText": [Function],
  "queryByDisplayValue": [Function],
  "queryByLabelText": [Function],
  "queryByPlaceholderText": [Function],
  "queryByRole": [Function],
  "queryByTestId": [Function],
  "queryByText": [Function],
  "queryByTitle": [Function],
  "rerender": [Function],
  "unmount": [Function],
}
`;
